// Jest Snapshot v1, https://goo.gl/fbAQLP

exports[`should render SearchBar 1`] = `
<div>
  <div
    class="css-gmuwbf"
  >
    <div
      class="css-s9nw05"
    >
      <div
        class="chakra-stack css-17kdbol"
      >
        <form>
          <div
            class="chakra-input__group css-4302v8"
          >
            <div
              class="chakra-input__left-element css-o84xzr"
            >
              <svg
                class="chakra-icon css-1fdnb51"
                focusable="false"
                name="search"
                viewBox="0 0 24 24"
              >
                <g
                  stroke="currentColor"
                  stroke-width="1.5"
                >
                  <path
                    d="M9,9a3,3,0,1,1,4,2.829,1.5,1.5,0,0,0-1,1.415V14.25"
                    fill="none"
                    stroke-linecap="round"
                  />
                  <path
                    d="M12,17.25a.375.375,0,1,0,.375.375A.375.375,0,0,0,12,17.25h0"
                    fill="currentColor"
                    stroke-linecap="round"
                  />
                  <circle
                    cx="12"
                    cy="12"
                    fill="none"
                    r="11.25"
                    stroke-miterlimit="10"
                  />
                </g>
              </svg>
            </div>
            <input
              class="chakra-input css-0"
              placeholder="Search"
              type="text"
              value=""
            />
          </div>
          <button
            class="chakra-button css-1gek3pj"
            type="submit"
          >
            Submit
          </button>
        </form>
      </div>
    </div>
  </div>
  <div
    class="css-0"
  >
    <div
      class="css-1mpt2dh"
    />
    <div
      class="css-gmuwbf"
    >
      <div
        class="css-0"
      >
        <br />
      </div>
    </div>
  </div>
</div>
`;
